
> home-and-co@0.0.0 build
> vite build

[36mvite v7.3.1 [32mbuilding client environment for production...[36m[39m
transforming...
[32m✓[39m 2184 modules transformed.
[31m✗[39m Build failed in 5.98s
[31merror during build:
[31msrc/pages/Home.jsx (8:7): "default" is not exported by "src/components/ui/ComboCard.jsx", imported by "src/pages/Home.jsx".[31m
file: [36mC:/Users/rodri/OneDrive/Escritorio/SHOP/src/pages/Home.jsx:8:7[31m
[33m
6: import ProductCard from '../components/ProductCard';
7: import BannerCarousel from '../components/ui/BannerCarousel';
8: import ComboCard from '../components/ui/ComboCard';
          ^
9: import { Button } from '../components/ui/Button';
[31m
    at getRollupError (file:///C:/Users/rodri/OneDrive/Escritorio/SHOP/node_modules/rollup/dist/es/shared/parseAst.js:402:41)
    at error (file:///C:/Users/rodri/OneDrive/Escritorio/SHOP/node_modules/rollup/dist/es/shared/parseAst.js:398:42)
    at Module.error (file:///C:/Users/rodri/OneDrive/Escritorio/SHOP/node_modules/rollup/dist/es/shared/node-entry.js:17037:16)
    at Module.traceVariable (file:///C:/Users/rodri/OneDrive/Escritorio/SHOP/node_modules/rollup/dist/es/shared/node-entry.js:17449:29)
    at ModuleScope.findVariable (file:///C:/Users/rodri/OneDrive/Escritorio/SHOP/node_modules/rollup/dist/es/shared/node-entry.js:15067:39)
    at FunctionScope.findVariable (file:///C:/Users/rodri/OneDrive/Escritorio/SHOP/node_modules/rollup/dist/es/shared/node-entry.js:5673:38)
    at FunctionBodyScope.findVariable (file:///C:/Users/rodri/OneDrive/Escritorio/SHOP/node_modules/rollup/dist/es/shared/node-entry.js:5673:38)
    at ReturnValueScope.findVariable (file:///C:/Users/rodri/OneDrive/Escritorio/SHOP/node_modules/rollup/dist/es/shared/node-entry.js:5673:38)
    at FunctionBodyScope.findVariable (file:///C:/Users/rodri/OneDrive/Escritorio/SHOP/node_modules/rollup/dist/es/shared/node-entry.js:5673:38)
    at Identifier.bind (file:///C:/Users/rodri/OneDrive/Escritorio/SHOP/node_modules/rollup/dist/es/shared/node-entry.js:5447:40)[39m
